[coordinator] A ligar ao Zenoh router em tcp/127.0.0.1:7446...
Traceback (most recent call last):
  File "/home/pedromelo/Documents/UA/4ano/2semestre/RSA/project/merge_lane/coordinator.py", line 166, in <module>
    main()
  File "/home/pedromelo/Documents/UA/4ano/2semestre/RSA/project/merge_lane/coordinator.py", line 128, in main
    session = open_zenoh_session(COORDINATOR_ZENOH_URL)
              ^^^^^^^^^^^^^^^^^^^^^^^^^^^^^^^^^^^^^^^^^
  File "/home/pedromelo/Documents/UA/4ano/2semestre/RSA/project/merge_lane/coordinator.py", line 23, in open_zenoh_session
    import zenoh
ModuleNotFoundError: No module named 'zenoh'
